// Jest Snapshot v1, https://goo.gl/fbAQLP

exports[`Displays the code block 1`] = `
<div>
  <pre
    class="language-html govuk-!-padding-4 govuk-!-margin-bottom-6 print:text-shadow-none overflow-auto whitespace-pre-wrap break-all font-[var(--ukhsa-font-code)] text-[var(--colour-code-text)] text-shadow-[0_1px_white]"
  >
    <div
      class="token-line"
    >
      <span
        class="token tag punctuation"
      >
        &lt;
      </span>
      <span
        class="token tag"
      >
        body
      </span>
      <span
        class="token tag punctuation"
      >
        &gt;
      </span>
      <span
        class="token tag punctuation"
      >
        &lt;
      </span>
      <span
        class="token tag"
      >
        h1
      </span>
      <span
        class="token tag punctuation"
      >
        &gt;
      </span>
      <span
        class="token plain"
      >
        hello world
      </span>
      <span
        class="token tag punctuation"
      >
        &lt;/
      </span>
      <span
        class="token tag"
      >
        h1
      </span>
      <span
        class="token tag punctuation"
      >
        &gt;
      </span>
      <span
        class="token tag punctuation"
      >
        &lt;/
      </span>
      <span
        class="token tag"
      >
        body
      </span>
      <span
        class="token tag punctuation"
      >
        &gt;
      </span>
    </div>
  </pre>
</div>
`;
