// Jest Snapshot v1, https://goo.gl/fbAQLP

exports[`Dialog Opening a dialog from a trigger 1`] = `
<div>
  <button
    aria-controls="radix-:r0:"
    aria-expanded="false"
    aria-haspopup="dialog"
    data-state="closed"
    type="button"
  >
    Open
  </button>
</div>
`;

exports[`Dialog Opening a dialog from a trigger 2`] = `
<div
  aria-describedby="radix-:r2:"
  aria-labelledby="radix-:r1:"
  class="fixed left-1/2 top-1/2 z-50 grid w-full -translate-x-1/2 -translate-y-1/2 gap-4 border-0 bg-white p-6 pt-[5rem] shadow-lg duration-200 data-[state=open]:animate-in data-[state=closed]:animate-out data-[state=closed]:fade-out-0 data-[state=open]:fade-in-0 data-[state=closed]:zoom-out-95 data-[state=open]:zoom-in-95 data-[state=closed]:slide-out-to-left-1/2 data-[state=closed]:slide-out-to-top-[48%] data-[state=open]:slide-in-from-left-1/2 data-[state=open]:slide-in-from-top-[48%] max-w-lg"
  data-state="open"
  id="radix-:r0:"
  role="dialog"
  style="pointer-events: auto;"
  tabindex="-1"
>
  <div
    class="flex flex-col text-center sm:text-left"
  >
    <h2
      class="govuk-heading-l"
      id="radix-:r1:"
    >
      Dialog title
    </h2>
    <p
      class="govuk-body"
      id="radix-:r2:"
    >
      Dialog description
    </p>
  </div>
  <button
    class="focus:govuk-focus absolute left-4 top-4 disabled:pointer-events-none govuk-button govuk-button--secondary"
    type="button"
  >
    Close
  </button>
</div>
`;
